--------------------------------------------------------------------------------------------------------
|title                                               |genres                                  |movie_id|
--------------------------------------------------------------------------------------------------------
|Toy Story (1995)                                    |Animation,Children,Comedy               |1       |
|GoldenEye (1995)                                    |Action,Adventure,Thriller               |2       |
|Four Rooms (1995)                                   |Thriller                                |3       |
|Get Shorty (1995)                                   |Action,Comedy,Drama                     |4       |
|Copycat (1995)                                      |Crime,Drama,Thriller                    |5       |
|Shanghai Triad (Yao a yao yao dao waipo qiao) (1995)|Drama                                   |6       |
|Twelve Monkeys (1995)                               |Drama,Sci-Fi                            |7       |
|Babe (1995)                                         |Children,Comedy,Drama                   |8       |
|Dead Man Walking (1995)                             |Drama                                   |9       |
|Richard III (1995)                                  |Drama,War                               |10      |
|Seven (Se7en) (1995)                                |Crime,Thriller                          |11      |
|Usual Suspects, The (1995)                          |Crime,Thriller                          |12      |
|Mighty Aphrodite (1995)                             |Comedy                                  |13      |
|Postino, Il (1994)                                  |Drama,Romance                           |14      |
|Mr. Holland's Opus (1995)                           |Drama                                   |15      |
|French Twist (Gazon maudit) (1995)                  |Comedy,Romance                          |16      |
|From Dusk Till Dawn (1996)                          |Action,Comedy,Crime,Horror,Thriller     |17      |
|White Balloon, The (1995)                           |Drama                                   |18      |
|Antonia's Line (1995)                               |Drama                                   |19      |
|Angels and Insects (1995)                           |Drama,Romance                           |20      |
|Muppet Treasure Island (1996)                       |Action,Adventure,Comedy,Musical,Thriller|21      |
|Braveheart (1995)                                   |Action,Drama,War                        |22      |
|Taxi Driver (1976)                                  |Drama,Thriller                          |23      |
|Rumble in the Bronx (1995)                          |Action,Adventure,Crime                  |24      |
|Birdcage, The (1996)                                |Comedy                                  |25      |
--------------------------------------------------------------------------------------------------------

