-----------------------------------------------------------------------------------------
|movie_id|title                                               |genres                   |
-----------------------------------------------------------------------------------------
|1       |Toy Story (1995)                                    |Animation,Children,Comedy|
|2       |GoldenEye (1995)                                    |Action,Adventure,Thriller|
|3       |Four Rooms (1995)                                   |Thriller                 |
|4       |Get Shorty (1995)                                   |Action,Comedy,Drama      |
|5       |Copycat (1995)                                      |Crime,Drama,Thriller     |
|6       |Shanghai Triad (Yao a yao yao dao waipo qiao) (1995)|Drama                    |
|7       |Twelve Monkeys (1995)                               |Drama,Sci-Fi             |
|8       |Babe (1995)                                         |Children,Comedy,Drama    |
|9       |Dead Man Walking (1995)                             |Drama                    |
-----------------------------------------------------------------------------------------

